
<FAILED::>Test Failed : Expected :<:LF:>0<:LF:>0<:LF:>but got :<:LF:>0
