
<FAILED::>Test Failed : Expected :<:LF:>1<:LF:>but got :<:LF:>0
