
<DESCRIBE::>group of tests

<IT::>single test

<PASSED::>Test Passed

<COMPLETEDIN::>0.059501 ms

<COMPLETEDIN::>0.581654 ms
