
<FAILED::>Test Failed
Expected :
0
, but got :
0
0
